[96mapp/founder/page.tsx[0m:[93m905[0m:[93m58[0m - [91merror[0m[90m TS2345: [0mArgument of type 'TabId | "profile"' is not assignable to parameter of type 'SetStateAction<TabId>'.
  Type '"profile"' is not assignable to type 'SetStateAction<TabId>'.

[7m905[0m           <button key={t.id} onClick={() => setActiveTab(t.id)}
[7m   [0m [91m                                                         ~~~~[0m

[96mapp/founder/page.tsx[0m:[93m955[0m:[93m12[0m - [91merror[0m[90m TS2367: [0mThis comparison appears to be unintentional because the types 'TabId' and '"profile"' have no overlap.

[7m955[0m           {activeTab === "profile" && (
[7m   [0m [91m           ~~~~~~~~~~~~~~~~~~~~~~~[0m


Found 2 errors in the same file, starting at: app/founder/page.tsx[90m:905[0m

